=====================================================================
== D:\SteamLibrary\steamapps\common\DayZServer\DayZServer_x64.exe
== "DayZServer_x64.exe" -config=serverDZ-Namalsk.cfg -port=2303 -netLog -profiles=D:\SteamLibrary\steamapps\common\DayZServer\set\server01 -mod=@CF;@Namalsk-Island;@Namalsk-Survival;@Inventory_Zipper;@Zen'sImmersiveLogin;@Soundinunconscious(RELIFE);@InventoryMoveSounds;@ItemSizeTweak;@SnowOverhaul;@Namalsk_Overhaul;@sFramework;@sGunplay;@Zen'sCraftingSounds;@SkyZ-SkyboxOverhaul;@BaseBuildingPlus;@MuchStuffPack;@VPPAdminTools;@Ear-Plugs;@BuildingFortifications;@BoomLay'sThings;@Dabs-Framework;@DayZ-Expansion-Animations;@DayZ-Expansion-Core;@DayZ-Expansion-Licensed;@DayZ-Expansion-Vehicles;@dbo_dil;@dbo_raptors;@dbo_tigers_02;
=====================================================================
Exe timestamp: 2023/09/30 07:51:18
Current time:  2023/10/15 21:00:33
Version 1.22.156718
=====================================================================

21:00:33.888 [Inputs] Loading inputs default "bin/constants.xml"
21:00:33.893 [Inputs] Loading inputs default "bin/specific.xml"
21:00:33.894 [Inputs] Loading inputs default "BBP_keybind/data/modded_Inputs.xml"
21:00:33.894 [Inputs] Loading inputs default "EarPlugs/data/inputs.xml"
21:00:33.895 [Inputs] Loading inputs default "InventoryMoveSounds/Scripts/Data/Inputs.xml"
21:00:33.895 [Inputs] Loading inputs default "MyMODS/sGunplay/scripts/data/inputs.xml"
21:00:33.895 [Inputs] Loading inputs default "nst/ns_dayz/scripts/Data/Inputs.xml"
21:00:33.895 [Inputs] Loading inputs default "VPPAdminTools/data/modded_Inputs.xml"
21:00:33.897 [Inputs] Loading inputs default "DayZExpansion/Vehicles/Scripts/Data/Inputs.xml"
21:00:33.898 !!! [Inputs] Cannot load inputs default "", file does not exist
21:00:33.898 !!! [Inputs] Failed to load MODDED inputs - file name/ path invalid?
21:00:33.898 [Inputs] Loading inputs cfg "D:\SteamLibrary\steamapps\common\DayZServer\set\server01\Users\Survivor\Server.core.xml"
21:00:33.915 [Inputs] Exporting inputs cfg "D:\SteamLibrary\steamapps\common\DayZServer\set\server01\Users\Survivor\Server.core.xml"
21:00:47.780 !!! File "nst\namalsk\data\ce\env/dil_territories.xml" does not exist...
21:00:47.780 !!! [ERROR][XML] :: load [nst\namalsk\data\ce\env/dil_territories.xml] failed
21:00:47.780 !!! [ERROR][XML] :: Failed to open file
21:00:50.301 [CE][Hive] :: Initializing OFFLINE
21:00:50.302 [StorageDirs] :: Selected storage directory: D:\SteamLibrary\steamapps\common\DayZServer\mpmissions\regular.namalsk\storage_1\
21:00:50.302 [CE][Hive] :: Loading core data ... 
21:00:50.309 [CE][CoreData] :: 7 root classes, 0 defaults, 0 updaters...
21:00:56.478 [CE] :: WARNING :: Preset map "headsFirefighter" is EMPTY.
21:00:56.479 [CE][TypeSetup] :: 588 classes setuped...
21:00:56.490 [CE] :: WARNING :: Preset map "headsFirefighter" is EMPTY.
21:00:56.491 [CE][TypeSetup] :: 75 classes setuped...
21:00:58.567 [CE][RegisterBind] :: 0 classes binded...
21:00:58.567 [CE][RegisterConfig] :: 12784 config classes registered, 0 sub-counters...
21:00:58.567 [CE][Hive] :: Loading map data ... 
21:00:58.691 [CE][LoadPrototype] :: loaded 459 prototypes
21:00:58.691   841 containers, 13222 points
21:00:58.691   30 dispatches, 111 proxies
21:00:58.691 !!! [CE][LoadPrototype] 9 groups have no points...
21:00:58.691 !!! [CE][LoadPrototype] 1 groups have wrong points...
21:00:58.691 !!! [CE][LoadPrototype] 126 groups were defined more than once and skipped...
21:00:58.691 [CE][LoadPrototype] :: last group name: Land_Wreck_truck01_aban2_orange...
21:00:58.710 [CE][LoadPrototype] :: loaded 0 prototypes
21:00:58.710   38 containers, 66 points
21:00:58.711   0 dispatches, 0 proxies
21:00:58.711 [CE][LoadPrototype] :: last group name: StoneLoc38...
21:00:58.771 [CE][LoadMap] "Group" :: loaded 1880 groups, groups failed: 0, largest group range: 36.4
21:00:58.777 [CE][LoadMap] "Dirt" :: loaded 0 groups, groups failed: 0, largest group range: 36.4
21:00:58.790 [CE][Links] found 720 total links between groups, of 1880
21:00:58.790 [CE][LoadClusters] "Cluster" :: Loading files...
21:00:58.812 [CE][LoadClusters] :: file: "mapgroupcluster.xml", 1 types, 2418 instances
21:00:58.820 [CE][Storage] ver:21 stamp:29, valid:yes, name:"D:\SteamLibrary\steamapps\common\DayZServer\mpmissions\regular.namalsk\storage_1\data\types.bin"
21:00:58.820 [CE][Storage] ver:0 stamp:0, valid:NO, name:"D:\SteamLibrary\steamapps\common\DayZServer\mpmissions\regular.namalsk\storage_1\data\types.001"
21:00:58.820 [CE][Storage] ver:0 stamp:0, valid:NO, name:"D:\SteamLibrary\steamapps\common\DayZServer\mpmissions\regular.namalsk\storage_1\data\types.002"
21:00:58.821 [CE][Storage] Restoring file "D:\SteamLibrary\steamapps\common\DayZServer\mpmissions\regular.namalsk\storage_1\data\types.bin".
21:00:59.12 [CE][offlineDB] :: Loaded 22 dynamic events 174 total types.
21:00:59.19 !!! [CE][DE] (VehicleTrucks) :: Unable to create child (Truck_01_Covered_Grey) as the type does not exist.
21:00:59.19 [CE][offlineDB] :: Loaded 24 dynamic events 227 total types.
21:00:59.45 !!! [CE][offlineDB] :: Type 'Mag_DE_9rnd' will be ignored. (Type does not exist. (Typo?))
21:00:59.46 !!! [CE][offlineDB] :: Type 'Telnyashka' will be ignored. (Type does not exist. (Typo?))
21:00:59.46 !!! [CE][offlineDB] :: Type 'ManSuitJacket_Beige' will be ignored. (Type does not exist. (Typo?))
21:00:59.46 !!! [CE][offlineDB] :: Type 'ManSuitJacket_Black' will be ignored. (Type does not exist. (Typo?))
21:00:59.46 !!! [CE][offlineDB] :: Type 'ManSuitJacket_Blue' will be ignored. (Type does not exist. (Typo?))
21:00:59.46 !!! [CE][offlineDB] :: Type 'ManSuitJacket_Brown' will be ignored. (Type does not exist. (Typo?))
21:00:59.46 !!! [CE][offlineDB] :: Type 'ManSuitJacket_DarkGrey' will be ignored. (Type does not exist. (Typo?))
21:00:59.46 !!! [CE][offlineDB] :: Type 'ManSuitJacket_Khaki' will be ignored. (Type does not exist. (Typo?))
21:00:59.46 !!! [CE][offlineDB] :: Type 'ManSuitJacket_LightGrey' will be ignored. (Type does not exist. (Typo?))
21:00:59.46 !!! [CE][offlineDB] :: Type 'ManSuitJacket_White' will be ignored. (Type does not exist. (Typo?))
21:00:59.46 !!! [CE][offlineDB] :: Type 'WomanSuitJacket_Beige' will be ignored. (Type does not exist. (Typo?))
21:00:59.46 !!! [CE][offlineDB] :: Type 'WomanSuitJacket_Black' will be ignored. (Type does not exist. (Typo?))
21:00:59.46 !!! [CE][offlineDB] :: Type 'WomanSuitJacket_Blue' will be ignored. (Type does not exist. (Typo?))
21:00:59.46 !!! [CE][offlineDB] :: Type 'WomanSuitJacket_Brown' will be ignored. (Type does not exist. (Typo?))
21:00:59.46 !!! [CE][offlineDB] :: Type 'WomanSuitJacket_DarkGrey' will be ignored. (Type does not exist. (Typo?))
21:00:59.46 !!! [CE][offlineDB] :: Type 'WomanSuitJacket_Khaki' will be ignored. (Type does not exist. (Typo?))
21:00:59.46 !!! [CE][offlineDB] :: Type 'WomanSuitJacket_LightGrey' will be ignored. (Type does not exist. (Typo?))
21:00:59.46 !!! [CE][offlineDB] :: Type 'WomanSuitJacket_White' will be ignored. (Type does not exist. (Typo?))
21:00:59.46 !!! [CE][offlineDB] :: Type 'SportGlasses' will be ignored. (Type does not exist. (Typo?))
21:00:59.47 !!! [CE][offlineDB] :: Type 'Spear' will be ignored. (Not spawnable. (Scope is not public?))
21:00:59.48 !!! [CE][offlineDB] :: Type 'ZmbM_SurvivorDean_Black' will be ignored. (Type does not exist. (Typo?))
21:00:59.49 !!! [CE][offlineDB] :: Type 'ZmbM_SurvivorDean_Blue' will be ignored. (Type does not exist. (Typo?))
21:00:59.51 !!! [CE][offlineDB] :: Type 'ZmbM_SurvivorDean_Grey' will be ignored. (Type does not exist. (Typo?))
21:00:59.51 !!! [CE] :: Unknown usage: 'Lunapark'.
21:00:59.51 !!! [CE] :: Unknown usage: 'Lunapark'.
21:00:59.52 !!! [CE] :: Unknown usage: 'Lunapark'.
21:00:59.52 !!! [CE] :: Unknown usage: 'Lunapark'.
21:00:59.79 !!! [CE][offlineDB] :: Type 'ExpansionKar98ScopeOptic' will be ignored. (Type does not exist. (Typo?))
21:00:59.80 !!! [CE][offlineDB] :: Type 'ExpansionDeltapointOptic' will be ignored. (Type does not exist. (Typo?))
21:00:59.80 !!! [CE][offlineDB] :: Type 'ExpansionEXPS3HoloOptic' will be ignored. (Type does not exist. (Typo?))
21:00:59.80 !!! [CE][offlineDB] :: Type 'ExpansionHAMROptic' will be ignored. (Type does not exist. (Typo?))
21:00:59.80 !!! [CE][offlineDB] :: Type 'Expansion_PMII25Optic' will be ignored. (Type does not exist. (Typo?))
21:00:59.80 !!! [CE][offlineDB] :: Type 'ExpansionReflexMRSOptic' will be ignored. (Type does not exist. (Typo?))
21:00:59.80 !!! [CE][offlineDB] :: Type 'Expansion_M1A_RailAtt' will be ignored. (Type does not exist. (Typo?))
21:00:59.80 !!! [CE][offlineDB] :: Type 'Expansion_ANPEQ15_Red' will be ignored. (Type does not exist. (Typo?))
21:00:59.80 !!! [CE][offlineDB] :: Type 'Expansion_Kar98_Bayonet' will be ignored. (Type does not exist. (Typo?))
21:00:59.80 !!! [CE][offlineDB] :: Type 'Expansion_Crossbow' will be ignored. (Type does not exist. (Typo?))
21:00:59.80 !!! [CE][offlineDB] :: Type 'ExpansionRPG7' will be ignored. (Type does not exist. (Typo?))
21:00:59.80 !!! [CE][offlineDB] :: Type 'ExpansionLAW' will be ignored. (Type does not exist. (Typo?))
21:00:59.80 !!! [CE][offlineDB] :: Type 'Expansion_M79' will be ignored. (Type does not exist. (Typo?))
21:00:59.80 !!! [CE][offlineDB] :: Type 'ExpansionFlaregun' will be ignored. (Type does not exist. (Typo?))
21:00:59.80 !!! [CE][offlineDB] :: Type 'Expansion_Taser_Yellow' will be ignored. (Type does not exist. (Typo?))
21:00:59.81 !!! [CE][offlineDB] :: Type 'Expansion_Taser_Black' will be ignored. (Type does not exist. (Typo?))
21:00:59.81 !!! [CE][offlineDB] :: Type 'Expansion_M9' will be ignored. (Type does not exist. (Typo?))
21:00:59.81 !!! [CE][offlineDB] :: Type 'Expansion_Longhorn' will be ignored. (Type does not exist. (Typo?))
21:00:59.81 !!! [CE][offlineDB] :: Type 'Expansion_G36' will be ignored. (Type does not exist. (Typo?))
21:00:59.81 !!! [CE][offlineDB] :: Type 'Expansion_MPX' will be ignored. (Type does not exist. (Typo?))
21:00:59.81 !!! [CE][offlineDB] :: Type 'Expansion_MP5' will be ignored. (Type does not exist. (Typo?))
21:00:59.82 !!! [CE][offlineDB] :: Type 'Expansion_MP5SD' will be ignored. (Type does not exist. (Typo?))
21:00:59.82 !!! [CE][offlineDB] :: Type 'Expansion_MP5_RailAtt' will be ignored. (Type does not exist. (Typo?))
21:00:59.82 !!! [CE][offlineDB] :: Type 'Expansion_MP7' will be ignored. (Type does not exist. (Typo?))
21:00:59.82 !!! [CE][offlineDB] :: Type 'Expansion_Kedr' will be ignored. (Type does not exist. (Typo?))
21:00:59.82 !!! [CE][offlineDB] :: Type 'Expansion_VityazSN' will be ignored. (Type does not exist. (Typo?))
21:00:59.82 !!! [CE][offlineDB] :: Type 'Expansion_M16' will be ignored. (Type does not exist. (Typo?))
21:00:59.82 !!! [CE][offlineDB] :: Type 'Expansion_M1A' will be ignored. (Type does not exist. (Typo?))
21:00:59.82 !!! [CE][offlineDB] :: Type 'Expansion_M14' will be ignored. (Type does not exist. (Typo?))
21:00:59.82 !!! [CE][offlineDB] :: Type 'Expansion_DT11' will be ignored. (Type does not exist. (Typo?))
21:00:59.82 !!! [CE][offlineDB] :: Type 'Expansion_BenelliM4' will be ignored. (Type does not exist. (Typo?))
21:00:59.82 !!! [CE][offlineDB] :: Type 'Expansion_AWM' will be ignored. (Type does not exist. (Typo?))
21:00:59.82 !!! [CE][offlineDB] :: Type 'Expansion_Kar98' will be ignored. (Type does not exist. (Typo?))
21:00:59.82 !!! [CE][offlineDB] :: Type 'AmmoBox_Expansion_46x30_25rnd' will be ignored. (Type does not exist. (Typo?))
21:00:59.82 !!! [CE][offlineDB] :: Type 'AmmoBox_Expansion_338_15rnd' will be ignored. (Type does not exist. (Typo?))
21:00:59.82 !!! [CE][offlineDB] :: Type 'Expansion_AmmoBox_8mm_15rnd' will be ignored. (Type does not exist. (Typo?))
21:00:59.82 !!! [CE][offlineDB] :: Type 'Expansion_Ammo_8mm' will be ignored. (Type does not exist. (Typo?))
21:00:59.82 !!! [CE][offlineDB] :: Type 'ExpansionAmmoRPG' will be ignored. (Type does not exist. (Typo?))
21:00:59.82 !!! [CE][offlineDB] :: Type 'ExpansionAmmoLAW' will be ignored. (Type does not exist. (Typo?))
21:00:59.82 !!! [CE][offlineDB] :: Type 'Ammo_Expansion_M203_Smoke_White' will be ignored. (Type does not exist. (Typo?))
21:00:59.83 !!! [CE][offlineDB] :: Type 'Ammo_Expansion_M203_Smoke_Red' will be ignored. (Type does not exist. (Typo?))
21:00:59.83 !!! [CE][offlineDB] :: Type 'Ammo_Expansion_M203_Smoke_Green' will be ignored. (Type does not exist. (Typo?))
21:00:59.84 !!! [CE][offlineDB] :: Type 'Ammo_Expansion_M203_Smoke_Yellow' will be ignored. (Type does not exist. (Typo?))
21:00:59.84 !!! [CE][offlineDB] :: Type 'Ammo_Expansion_M203_Smoke_Purple' will be ignored. (Type does not exist. (Typo?))
21:00:59.85 !!! [CE][offlineDB] :: Type 'Ammo_Expansion_M203_Smoke_Teargas' will be ignored. (Type does not exist. (Typo?))
21:00:59.85 !!! [CE][offlineDB] :: Type 'Ammo_Expansion_M203_Sticky_Smoke_White' will be ignored. (Type does not exist. (Typo?))
21:00:59.85 !!! [CE][offlineDB] :: Type 'Ammo_Expansion_M203_Sticky_Smoke_Red' will be ignored. (Type does not exist. (Typo?))
21:00:59.86 !!! [CE][offlineDB] :: Type 'Ammo_Expansion_M203_Sticky_Smoke_Green' will be ignored. (Type does not exist. (Typo?))
21:00:59.86 !!! [CE][offlineDB] :: Type 'Ammo_Expansion_M203_Sticky_Smoke_Yellow' will be ignored. (Type does not exist. (Typo?))
21:00:59.86 !!! [CE][offlineDB] :: Type 'Ammo_Expansion_M203_Sticky_Smoke_Purple' will be ignored. (Type does not exist. (Typo?))
21:00:59.86 !!! [CE][offlineDB] :: Type 'Ammo_Expansion_M203_Sticky_Smoke_Teargas' will be ignored. (Type does not exist. (Typo?))
21:00:59.86 !!! [CE][offlineDB] :: Type 'Ammo_Expansion_M203_HE' will be ignored. (Type does not exist. (Typo?))
21:00:59.86 !!! [CE][offlineDB] :: Type 'Ammo_Expansion_46x30' will be ignored. (Type does not exist. (Typo?))
21:00:59.86 !!! [CE][offlineDB] :: Type 'Ammo_Expansion_338' will be ignored. (Type does not exist. (Typo?))
21:00:59.86 !!! [CE][offlineDB] :: Type 'Expansion_Ammo_ArrowBolt' will be ignored. (Type does not exist. (Typo?))
21:00:59.86 !!! [CE][offlineDB] :: Type 'Mag_Expansion_Taser' will be ignored. (Type does not exist. (Typo?))
21:00:59.86 !!! [CE][offlineDB] :: Type 'Mag_Expansion_Vityaz_30Rnd' will be ignored. (Type does not exist. (Typo?))
21:00:59.86 !!! [CE][offlineDB] :: Type 'Mag_Expansion_M14_20Rnd' will be ignored. (Type does not exist. (Typo?))
21:00:59.86 !!! [CE][offlineDB] :: Type 'Mag_Expansion_M14_10Rnd' will be ignored. (Type does not exist. (Typo?))
21:00:59.86 !!! [CE][offlineDB] :: Type 'Mag_Expansion_M9_15Rnd' will be ignored. (Type does not exist. (Typo?))
21:00:59.86 !!! [CE][offlineDB] :: Type 'Mag_Expansion_MPX_50Rnd' will be ignored. (Type does not exist. (Typo?))
21:00:59.86 !!! [CE][offlineDB] :: Type 'Mag_Expansion_G36_30Rnd' will be ignored. (Type does not exist. (Typo?))
21:00:59.86 !!! [CE][offlineDB] :: Type 'Mag_Expansion_Kedr_20Rnd' will be ignored. (Type does not exist. (Typo?))
21:00:59.86 !!! [CE][offlineDB] :: Type 'Mag_Expansion_MP7_40Rnd' will be ignored. (Type does not exist. (Typo?))
21:00:59.86 !!! [CE][offlineDB] :: Type 'Mag_Expansion_AWM_5Rnd' will be ignored. (Type does not exist. (Typo?))
21:00:59.87 !!! [CE][offlineDB] :: Type 'ExpansionBanknoteUSD' will be ignored. (Type does not exist. (Typo?))
21:00:59.87 !!! [CE][offlineDB] :: Type 'ExpansionBanknoteEuro' will be ignored. (Type does not exist. (Typo?))
21:00:59.87 !!! [CE][offlineDB] :: Type 'ExpansionBanknoteHryvnia' will be ignored. (Type does not exist. (Typo?))
21:00:59.87 !!! [CE][offlineDB] :: Type 'ExpansionLumber1' will be ignored. (Type does not exist. (Typo?))
21:00:59.88 !!! [CE][offlineDB] :: Type 'ExpansionLumber1_5' will be ignored. (Type does not exist. (Typo?))
21:00:59.88 !!! [CE][offlineDB] :: Type 'ExpansionLumber3' will be ignored. (Type does not exist. (Typo?))
21:00:59.88 !!! [CE][offlineDB] :: Type 'ExpansionFloorKit' will be ignored. (Type does not exist. (Typo?))
21:00:59.88 !!! [CE][offlineDB] :: Type 'ExpansionWoodPillarKit' will be ignored. (Type does not exist. (Typo?))
21:00:59.88 !!! [CE][offlineDB] :: Type 'ExpansionRampKit' will be ignored. (Type does not exist. (Typo?))
21:00:59.88 !!! [CE][offlineDB] :: Type 'ExpansionStairKit' will be ignored. (Type does not exist. (Typo?))
21:00:59.88 !!! [CE][offlineDB] :: Type 'ExpansionWallKit' will be ignored. (Type does not exist. (Typo?))
21:00:59.88 !!! [CE][offlineDB] :: Type 'ExpansionCamoBoxKit' will be ignored. (Type does not exist. (Typo?))
21:00:59.88 !!! [CE][offlineDB] :: Type 'ExpansionBarrierGateKit' will be ignored. (Type does not exist. (Typo?))
21:00:59.88 !!! [CE][offlineDB] :: Type 'ExpansionCamoTentKit' will be ignored. (Type does not exist. (Typo?))
21:00:59.88 !!! [CE][offlineDB] :: Type 'ExpansionSafeLarge' will be ignored. (Type does not exist. (Typo?))
21:00:59.88 !!! [CE][offlineDB] :: Type 'ExpansionSafeMini' will be ignored. (Type does not exist. (Typo?))
21:00:59.88 !!! [CE][offlineDB] :: Type 'ExpansionSafeMedium' will be ignored. (Type does not exist. (Typo?))
21:00:59.89 !!! [CE][offlineDB] :: Type 'ExpansionHelipadKit' will be ignored. (Type does not exist. (Typo?))
21:00:59.89 !!! [CE][offlineDB] :: Type 'ExpansionBarbedWireKit' will be ignored. (Type does not exist. (Typo?))
21:00:59.89 !!! [CE][offlineDB] :: Type 'ExpansionHescoKit' will be ignored. (Type does not exist. (Typo?))
21:00:59.89 !!! [CE][offlineDB] :: Type 'ExpansionCodeLock' will be ignored. (Type does not exist. (Typo?))
21:00:59.89 !!! [CE][offlineDB] :: Type 'ExpansionBarbedWire' will be ignored. (Type does not exist. (Typo?))
21:00:59.90 !!! [CE][offlineDB] :: Type 'ExpansionHesco' will be ignored. (Type does not exist. (Typo?))
21:00:59.90 !!! [CE][offlineDB] :: Type 'ExpansionBarrierGate' will be ignored. (Type does not exist. (Typo?))
21:00:59.90 !!! [CE][offlineDB] :: Type 'ExpansionCamoBox' will be ignored. (Type does not exist. (Typo?))
21:00:59.91 !!! [CE][offlineDB] :: Type 'ExpansionCamoTent' will be ignored. (Type does not exist. (Typo?))
21:00:59.91 !!! [CE][offlineDB] :: Type 'ExpansionHelipad' will be ignored. (Type does not exist. (Typo?))
21:00:59.91 !!! [CE][offlineDB] :: Type 'ExpansionWoodPillar' will be ignored. (Type does not exist. (Typo?))
21:00:59.91 !!! [CE][offlineDB] :: Type 'ExpansionWall6x3' will be ignored. (Type does not exist. (Typo?))
21:00:59.91 !!! [CE][offlineDB] :: Type 'ExpansionFloor6x6' will be ignored. (Type does not exist. (Typo?))
21:00:59.92 !!! [CE][offlineDB] :: Type 'ExpansionFloor3x3' will be ignored. (Type does not exist. (Typo?))
21:00:59.92 !!! [CE][offlineDB] :: Type 'ExpansionRamp6x1_5x6' will be ignored. (Type does not exist. (Typo?))
21:00:59.92 !!! [CE][offlineDB] :: Type 'ExpansionStairS1_5x3x3' will be ignored. (Type does not exist. (Typo?))
21:00:59.92 !!! [CE][offlineDB] :: Type 'ExpansionParkingMeter' will be ignored. (Type does not exist. (Typo?))
21:00:59.92 !!! [CE][offlineDB] :: Type 'ExpansionParkingMeterKit' will be ignored. (Type does not exist. (Typo?))
21:00:59.92 !!! [CE][offlineDB] :: Type 'ExpansionGPS' will be ignored. (Type does not exist. (Typo?))
21:00:59.92 !!! [CE][offlineDB] :: Type 'ExpansionBoltCutters' will be ignored. (Type does not exist. (Typo?))
21:00:59.92 !!! [CE][offlineDB] :: Type 'ExpansionPropaneTorch' will be ignored. (Type does not exist. (Typo?))
21:00:59.92 !!! [CE][offlineDB] :: Type 'ExpansionToolBox' will be ignored. (Type does not exist. (Typo?))
21:00:59.92 !!! [CE][offlineDB] :: Type 'ExpansionMilkBottle' will be ignored. (Type does not exist. (Typo?))
21:00:59.92 !!! [CE][offlineDB] :: Type 'ExpansionBread1' will be ignored. (Type does not exist. (Typo?))
21:00:59.92 !!! [CE][offlineDB] :: Type 'ExpansionBread2' will be ignored. (Type does not exist. (Typo?))
21:00:59.92 !!! [CE][offlineDB] :: Type 'ExpansionBread3' will be ignored. (Type does not exist. (Typo?))
21:00:59.92 !!! [CE][offlineDB] :: Type 'ExpansionCheese1' will be ignored. (Type does not exist. (Typo?))
21:00:59.92 !!! [CE][offlineDB] :: Type 'ExpansionCheese2' will be ignored. (Type does not exist. (Typo?))
21:00:59.92 !!! [CE][offlineDB] :: Type 'ExpansionCheese3' will be ignored. (Type does not exist. (Typo?))
21:00:59.92 !!! [CE][offlineDB] :: Type 'ExpansionCheese4' will be ignored. (Type does not exist. (Typo?))
21:00:59.92 !!! [CE][offlineDB] :: Type 'Expansion_Gravecross_LowLifetime' will be ignored. (Type does not exist. (Typo?))
21:00:59.94 !!! [CE][offlineDB] :: Type 'Expansion_Gravecross' will be ignored. (Type does not exist. (Typo?))
21:00:59.108 [CE][DE][SPAWNS] :: Total positions: 718
21:00:59.109 [CE][DE][GROUPS] :: Total eventgroups defined: 0, Eventgroups in use: 0
21:00:59.115 [CE][Storage] ver:21 stamp:29, valid:yes, name:"D:\SteamLibrary\steamapps\common\DayZServer\mpmissions\regular.namalsk\storage_1\data\events.bin"
21:00:59.115 [CE][Storage] ver:0 stamp:0, valid:NO, name:"D:\SteamLibrary\steamapps\common\DayZServer\mpmissions\regular.namalsk\storage_1\data\events.001"
21:00:59.116 [CE][Storage] ver:0 stamp:0, valid:NO, name:"D:\SteamLibrary\steamapps\common\DayZServer\mpmissions\regular.namalsk\storage_1\data\events.002"
21:00:59.116 [CE][Storage] Restoring file "D:\SteamLibrary\steamapps\common\DayZServer\mpmissions\regular.namalsk\storage_1\data\events.bin".
21:00:59.116 [CE][DynamicEvent] Load  Events:[23] Primary spawners: 23 Secondary spawners: 0
21:00:59.123 [CE][Storage] ver:25 stamp:29, valid:yes, name:"D:\SteamLibrary\steamapps\common\DayZServer\mpmissions\regular.namalsk\storage_1\data\dynamic_000.bin"
21:00:59.123 [CE][Storage] ver:0 stamp:0, valid:NO, name:"D:\SteamLibrary\steamapps\common\DayZServer\mpmissions\regular.namalsk\storage_1\data\dynamic_000.001"
21:00:59.124 [CE][Storage] ver:0 stamp:0, valid:NO, name:"D:\SteamLibrary\steamapps\common\DayZServer\mpmissions\regular.namalsk\storage_1\data\dynamic_000.002"
21:00:59.125 [CE][Storage] Restoring file "D:\SteamLibrary\steamapps\common\DayZServer\mpmissions\regular.namalsk\storage_1\data\dynamic_000.bin" 9 items.
21:00:59.131   9 items loaded. (0 failed)
21:00:59.138 [CE][Storage] ver:25 stamp:29, valid:yes, name:"D:\SteamLibrary\steamapps\common\DayZServer\mpmissions\regular.namalsk\storage_1\data\dynamic_001.bin"
21:00:59.139 [CE][Storage] ver:0 stamp:0, valid:NO, name:"D:\SteamLibrary\steamapps\common\DayZServer\mpmissions\regular.namalsk\storage_1\data\dynamic_001.001"
21:00:59.139 [CE][Storage] ver:0 stamp:0, valid:NO, name:"D:\SteamLibrary\steamapps\common\DayZServer\mpmissions\regular.namalsk\storage_1\data\dynamic_001.002"
21:00:59.140 [CE][Storage] Restoring file "D:\SteamLibrary\steamapps\common\DayZServer\mpmissions\regular.namalsk\storage_1\data\dynamic_001.bin" 54 items.
21:00:59.209   54 items loaded. (0 failed)
21:00:59.216 [CE][Storage] ver:25 stamp:29, valid:yes, name:"D:\SteamLibrary\steamapps\common\DayZServer\mpmissions\regular.namalsk\storage_1\data\dynamic_002.bin"
21:00:59.216 [CE][Storage] ver:0 stamp:0, valid:NO, name:"D:\SteamLibrary\steamapps\common\DayZServer\mpmissions\regular.namalsk\storage_1\data\dynamic_002.001"
21:00:59.217 [CE][Storage] ver:0 stamp:0, valid:NO, name:"D:\SteamLibrary\steamapps\common\DayZServer\mpmissions\regular.namalsk\storage_1\data\dynamic_002.002"
21:00:59.217 [CE][Storage] Restoring file "D:\SteamLibrary\steamapps\common\DayZServer\mpmissions\regular.namalsk\storage_1\data\dynamic_002.bin" 175 items.
21:00:59.468   175 items loaded. (0 failed)
21:00:59.477 [CE][Storage] ver:25 stamp:29, valid:yes, name:"D:\SteamLibrary\steamapps\common\DayZServer\mpmissions\regular.namalsk\storage_1\data\dynamic_003.bin"
21:00:59.477 [CE][Storage] ver:0 stamp:0, valid:NO, name:"D:\SteamLibrary\steamapps\common\DayZServer\mpmissions\regular.namalsk\storage_1\data\dynamic_003.001"
21:00:59.478 [CE][Storage] ver:0 stamp:0, valid:NO, name:"D:\SteamLibrary\steamapps\common\DayZServer\mpmissions\regular.namalsk\storage_1\data\dynamic_003.002"
21:00:59.478 [CE][Storage] Restoring file "D:\SteamLibrary\steamapps\common\DayZServer\mpmissions\regular.namalsk\storage_1\data\dynamic_003.bin" 1095 items.
21:01:00.449   1095 items loaded. (0 failed)
21:01:00.456 [CE][Storage] ver:25 stamp:29, valid:yes, name:"D:\SteamLibrary\steamapps\common\DayZServer\mpmissions\regular.namalsk\storage_1\data\dynamic_004.bin"
21:01:00.456 [CE][Storage] ver:0 stamp:0, valid:NO, name:"D:\SteamLibrary\steamapps\common\DayZServer\mpmissions\regular.namalsk\storage_1\data\dynamic_004.001"
21:01:00.457 [CE][Storage] ver:0 stamp:0, valid:NO, name:"D:\SteamLibrary\steamapps\common\DayZServer\mpmissions\regular.namalsk\storage_1\data\dynamic_004.002"
21:01:00.458 [CE][Storage] Restoring file "D:\SteamLibrary\steamapps\common\DayZServer\mpmissions\regular.namalsk\storage_1\data\dynamic_004.bin" 2672 items.
21:01:02.157   2672 items loaded. (0 failed)
21:01:02.165 [CE][Storage] ver:25 stamp:29, valid:yes, name:"D:\SteamLibrary\steamapps\common\DayZServer\mpmissions\regular.namalsk\storage_1\data\dynamic_005.bin"
21:01:02.165 [CE][Storage] ver:0 stamp:0, valid:NO, name:"D:\SteamLibrary\steamapps\common\DayZServer\mpmissions\regular.namalsk\storage_1\data\dynamic_005.001"
21:01:02.166 [CE][Storage] ver:0 stamp:0, valid:NO, name:"D:\SteamLibrary\steamapps\common\DayZServer\mpmissions\regular.namalsk\storage_1\data\dynamic_005.002"
21:01:02.166 [CE][Storage] Restoring file "D:\SteamLibrary\steamapps\common\DayZServer\mpmissions\regular.namalsk\storage_1\data\dynamic_005.bin" 1095 items.
21:01:02.824   1095 items loaded. (0 failed)
21:01:02.831 [CE][Storage] ver:25 stamp:29, valid:yes, name:"D:\SteamLibrary\steamapps\common\DayZServer\mpmissions\regular.namalsk\storage_1\data\dynamic_006.bin"
21:01:02.831 [CE][Storage] ver:0 stamp:0, valid:NO, name:"D:\SteamLibrary\steamapps\common\DayZServer\mpmissions\regular.namalsk\storage_1\data\dynamic_006.001"
21:01:02.832 [CE][Storage] ver:0 stamp:0, valid:NO, name:"D:\SteamLibrary\steamapps\common\DayZServer\mpmissions\regular.namalsk\storage_1\data\dynamic_006.002"
21:01:02.832 [CE][Storage] Restoring file "D:\SteamLibrary\steamapps\common\DayZServer\mpmissions\regular.namalsk\storage_1\data\dynamic_006.bin" 2604 items.
21:01:04.368   2604 items loaded. (0 failed)
21:01:04.375 [CE][Storage] ver:25 stamp:29, valid:yes, name:"D:\SteamLibrary\steamapps\common\DayZServer\mpmissions\regular.namalsk\storage_1\data\dynamic_007.bin"
21:01:04.376 [CE][Storage] ver:0 stamp:0, valid:NO, name:"D:\SteamLibrary\steamapps\common\DayZServer\mpmissions\regular.namalsk\storage_1\data\dynamic_007.001"
21:01:04.377 [CE][Storage] ver:0 stamp:0, valid:NO, name:"D:\SteamLibrary\steamapps\common\DayZServer\mpmissions\regular.namalsk\storage_1\data\dynamic_007.002"
21:01:04.378 [CE][Storage] Restoring file "D:\SteamLibrary\steamapps\common\DayZServer\mpmissions\regular.namalsk\storage_1\data\dynamic_007.bin" 919 items.
21:01:05.18   919 items loaded. (0 failed)
21:01:05.24 [CE][Storage] ver:25 stamp:29, valid:yes, name:"D:\SteamLibrary\steamapps\common\DayZServer\mpmissions\regular.namalsk\storage_1\data\dynamic_008.bin"
21:01:05.24 [CE][Storage] ver:0 stamp:0, valid:NO, name:"D:\SteamLibrary\steamapps\common\DayZServer\mpmissions\regular.namalsk\storage_1\data\dynamic_008.001"
21:01:05.24 [CE][Storage] ver:0 stamp:0, valid:NO, name:"D:\SteamLibrary\steamapps\common\DayZServer\mpmissions\regular.namalsk\storage_1\data\dynamic_008.002"
21:01:05.24 [CE][Storage] Restoring file "D:\SteamLibrary\steamapps\common\DayZServer\mpmissions\regular.namalsk\storage_1\data\dynamic_008.bin" 330 items.
21:01:05.237   330 items loaded. (0 failed)
21:01:05.241 [CE][Storage] ver:25 stamp:29, valid:yes, name:"D:\SteamLibrary\steamapps\common\DayZServer\mpmissions\regular.namalsk\storage_1\data\dynamic_009.bin"
21:01:05.241 [CE][Storage] ver:0 stamp:0, valid:NO, name:"D:\SteamLibrary\steamapps\common\DayZServer\mpmissions\regular.namalsk\storage_1\data\dynamic_009.001"
21:01:05.241 [CE][Storage] ver:0 stamp:0, valid:NO, name:"D:\SteamLibrary\steamapps\common\DayZServer\mpmissions\regular.namalsk\storage_1\data\dynamic_009.002"
21:01:05.243 [CE][Storage] Restoring file "D:\SteamLibrary\steamapps\common\DayZServer\mpmissions\regular.namalsk\storage_1\data\dynamic_009.bin" 0 items.
21:01:05.243   0 items loaded. (0 failed)
21:01:05.248 [CE][Storage] ver:25 stamp:29, valid:yes, name:"D:\SteamLibrary\steamapps\common\DayZServer\mpmissions\regular.namalsk\storage_1\data\dynamic_010.bin"
21:01:05.249 [CE][Storage] ver:0 stamp:0, valid:NO, name:"D:\SteamLibrary\steamapps\common\DayZServer\mpmissions\regular.namalsk\storage_1\data\dynamic_010.001"
21:01:05.250 [CE][Storage] ver:0 stamp:0, valid:NO, name:"D:\SteamLibrary\steamapps\common\DayZServer\mpmissions\regular.namalsk\storage_1\data\dynamic_010.002"
21:01:05.250 [CE][Storage] Restoring file "D:\SteamLibrary\steamapps\common\DayZServer\mpmissions\regular.namalsk\storage_1\data\dynamic_010.bin" 358 items.
21:01:05.499   358 items loaded. (0 failed)
21:01:05.505 [CE][Storage] ver:25 stamp:29, valid:yes, name:"D:\SteamLibrary\steamapps\common\DayZServer\mpmissions\regular.namalsk\storage_1\data\dynamic_011.bin"
21:01:05.505 [CE][Storage] ver:0 stamp:0, valid:NO, name:"D:\SteamLibrary\steamapps\common\DayZServer\mpmissions\regular.namalsk\storage_1\data\dynamic_011.001"
21:01:05.505 [CE][Storage] ver:0 stamp:0, valid:NO, name:"D:\SteamLibrary\steamapps\common\DayZServer\mpmissions\regular.namalsk\storage_1\data\dynamic_011.002"
21:01:05.506 [CE][Storage] Restoring file "D:\SteamLibrary\steamapps\common\DayZServer\mpmissions\regular.namalsk\storage_1\data\dynamic_011.bin" 23 items.
21:01:05.524   23 items loaded. (0 failed)
21:01:05.528 [CE][Storage] ver:26 stamp:29, valid:yes, name:"D:\SteamLibrary\steamapps\common\DayZServer\mpmissions\regular.namalsk\storage_1\data\building.bin"
21:01:05.529 [CE][Storage] ver:0 stamp:0, valid:NO, name:"D:\SteamLibrary\steamapps\common\DayZServer\mpmissions\regular.namalsk\storage_1\data\building.001"
21:01:05.529 [CE][Storage] ver:0 stamp:0, valid:NO, name:"D:\SteamLibrary\steamapps\common\DayZServer\mpmissions\regular.namalsk\storage_1\data\building.002"
21:01:05.529 [CE][Storage] Restoring file "D:\SteamLibrary\steamapps\common\DayZServer\mpmissions\regular.namalsk\storage_1\data\building.bin" 0 items.
21:01:05.529   0 items loaded. (0 failed)
21:01:05.533 [CE][Storage] ver:25 stamp:29, valid:yes, name:"D:\SteamLibrary\steamapps\common\DayZServer\mpmissions\regular.namalsk\storage_1\data\vehicles.bin"
21:01:05.534 [CE][Storage] ver:0 stamp:0, valid:NO, name:"D:\SteamLibrary\steamapps\common\DayZServer\mpmissions\regular.namalsk\storage_1\data\vehicles.001"
21:01:05.534 [CE][Storage] ver:0 stamp:0, valid:NO, name:"D:\SteamLibrary\steamapps\common\DayZServer\mpmissions\regular.namalsk\storage_1\data\vehicles.002"
21:01:05.534 [CE][Storage] Restoring file "D:\SteamLibrary\steamapps\common\DayZServer\mpmissions\regular.namalsk\storage_1\data\vehicles.bin" 31 items.
21:01:05.858   31 items loaded. (0 failed)
21:01:05.884 [CE][Hive] :: Storage load took:6.77 seconds, recovery stamp:29
21:01:05.884   entity: 10192, building: 0
21:01:05.884   no lifetime: 23
21:01:05.884   pathgraph's: 350
21:01:05.884 [CE][Hive] :: Initializing ... 
21:01:05.910 [CE][InitializeMap] :: initialized: 0
21:01:05.910 [CE][Hive] :: Initializing spawners ... 
21:01:05.911 [CE][LootRespawner] (PRIDummy) :: Initially (re)spawned:0, Nominal:13502, Total in Map: 10487 at 0 (sec)
21:01:05.911   tests:0, repeats:0 fails:0, overtime:0
21:01:07.228 [CE][DynEvent] :: 24 types
21:01:07.228 [00] AnimalDil
21:01:07.228   Primary Spawner: "Animal", active: yes, repeat: 1
21:01:07.228 [01] Loot
21:01:07.228   Primary Spawner: "Loot", active: yes, repeat: 2
21:01:07.228 [02] StaticMedDrop
21:01:07.228   Primary Spawner: "Static", active: yes, repeat: 1
21:01:07.228 [03] StaticLifeboat
21:01:07.228   Primary Spawner: "Static", active: yes, repeat: 1
21:01:07.228 [04] ItemWoodenPlanks
21:01:07.228   Primary Spawner: "Item", active: yes, repeat: 1
21:01:07.228 [05] TrajectoryStones
21:01:07.228   Primary Spawner: "Trajectory", active: yes, repeat: 1
21:01:07.228 [06] InfectedSanta
21:01:07.228   Primary Spawner: "Infected", active: yes, repeat: 1
21:01:07.228 [07] InfectedArmy
21:01:07.228   Primary Spawner: "Infected", active: yes, repeat: 1
21:01:07.228 [08] InfectedIndustrial
21:01:07.228   Primary Spawner: "Infected", active: yes, repeat: 1
21:01:07.228 [09] InfectedCivil
21:01:07.228   Primary Spawner: "Infected", active: yes, repeat: 1
21:01:07.228 [10] InfectedMedic
21:01:07.228   Primary Spawner: "Infected", active: yes, repeat: 1
21:01:07.228 [11] AnimalGoat
21:01:07.228   Primary Spawner: "Animal", active: yes, repeat: 1
21:01:07.228 [12] AnimalSheep
21:01:07.229   Primary Spawner: "Animal", active: yes, repeat: 1
21:01:07.229 [13] AnimalRoeDeer
21:01:07.229   Primary Spawner: "Animal", active: yes, repeat: 1
21:01:07.229 [14] AnimalDeer
21:01:07.229   Primary Spawner: "Animal", active: yes, repeat: 1
21:01:07.229 [15] AnimalWildBoar
21:01:07.229   Primary Spawner: "Animal", active: yes, repeat: 1
21:01:07.229 [16] AnimalWolf
21:01:07.229   Primary Spawner: "Animal", active: yes, repeat: 1
21:01:07.229 [17] AnimalBrownBear
21:01:07.229   Primary Spawner: "Animal", active: yes, repeat: 1
21:01:07.229 [18] AnimalPolarBear
21:01:07.229   Primary Spawner: "Animal", active: yes, repeat: 1
21:01:07.229 [19] VehicleCivilianCars
21:01:07.229   Primary Spawner: "Vehicle", active: yes, repeat: 1
21:01:07.229 [20] VehicleTrucks
21:01:07.229   Primary Spawner: "Vehicle", active: yes, repeat: 1
21:01:07.229 [21] VehicleMilitary
21:01:07.229   Primary Spawner: "Vehicle", active: yes, repeat: 1
21:01:07.229 [22] VehicleHelicopters
21:01:07.229   Primary Spawner: "Vehicle", active: yes, repeat: 1
21:01:07.229 [23] VehicleBoats
21:01:07.229   Primary Spawner: "Vehicle", active: yes, repeat: 1
21:01:07.229 [CE][Hive] :: Initializing of spawners done.
21:01:07.233 [CE][Hive] :: Init sequence finished.
21:01:07.233 Player connect enabled
21:01:08.256 [IdleMode] Entering IN - save processed
21:03:14.335 [Login]: Adding player Coffee (42007105) to login queue at position 0
21:03:14.335 [LoginMachine]: Add player Coffee (42007105 26.22.12.114:2317)
21:03:14.335 [StateMachine]: Player Coffee (dpnid 42007105 uid ) Entering AuthPlayerLoginState
21:03:15.454 [StateMachine]: Player Coffee (dpnid 42007105 uid ) State Error (AuthPlayerLoginState)
21:03:15.454 Player Unknown (42007105) kicked from server: 116 (Client has a mod which is not on the server. (DayZ-Expansion-Vehicles; DayZ-Expansion-Animations; DayZ-Expansion-Licensed; DayZ-Expansion-Core; Dabs Framework)  (Client has a PBO which is not part of the server. (DayZ-Expansion-Vehicles (PBO: D:\SteamLibrary\steamapps\common\DayZ\!Workshop\@DayZ-Expansion-Vehicles\addons\0_garage_preload.pbo))))
21:03:15.454 [StateMachine]: Kick player Coffee (dpnid 42007105 uid ) State AuthPlayerLoginState
21:03:15.469 [Disconnect]: Client 42007105 early disconnect
21:03:15.469 [Disconnect]: No identity -> remove player info 42007105 
21:03:15.469 [Disconnect]: DisconnectPlayerFinish 42007105
21:03:15.469 [Disconnect]: Remove player info 42007105
21:03:15.470 [Disconnect]: Player destroy 42007105 
21:04:39.395  --- Termination successfully completed --- 
